[Engine] Loader initialized (network loading enabled)
[SdlWindow] OpenGL context created successfully
[Engine] Using OpenGL renderer
[ParseThread] Worker thread started
Loading file: test.html
[Engine] Resolved base URL for file: file:///J:/PROJECT/xiaopengkernel/
[Engine] Loading HTML (async)...
[ParseThread] Parsing HTML (49 bytes)...
[ParseThread] Collected 0 script(s) for main-thread execution
[Engine] Parse complete â€?integrating results on main thread
[Engine] Building Layout Tree...
[Engine] Layout Tree Structure:
  [Layout] BODY (Inline)
    [Layout] DIV (Inline)
      [Layout] #text (Inline)
    [Layout] #text (Inline)
[Engine] Layout calculated. Root size: 800x0 at (0,0)
[Engine] Document ready
